// Vitest Snapshot v1, https://vitest.dev/guide/snapshot.html

exports[`<Nav /> > should match the snapshot 1`] = `
<div>
  <nav
    class="fixed top-0 left-0 right-0 z-40 bg-alvaro-base/80 backdrop-blur-xl border-b border-alvaro-border"
    style="opacity: 0; transform: translateY(-80px);"
  >
    <div
      class="px-4 mx-auto max-w-7xl sm:px-6 lg:px-8"
    >
      <div
        class="flex items-center justify-between h-16"
      >
        <button
          class="text-lg font-semibold tracking-tight text-alvaro-white"
          type="button"
        >
          AM
        </button>
        <div
          class="hidden md:flex items-center gap-1"
        >
          <button
            aria-label="Home-desktop"
            class="px-3 py-2 text-sm font-medium text-alvaro-muted rounded-lg cursor-pointer hover:text-alvaro-white hover:bg-alvaro-surface transition-colors duration-200"
            tabindex="0"
            type="button"
          >
            Home
          </button>
          <button
            aria-label="About-desktop"
            class="px-3 py-2 text-sm font-medium text-alvaro-muted rounded-lg cursor-pointer hover:text-alvaro-white hover:bg-alvaro-surface transition-colors duration-200"
            tabindex="0"
            type="button"
          >
            About
          </button>
          <button
            aria-label="Skills-desktop"
            class="px-3 py-2 text-sm font-medium text-alvaro-muted rounded-lg cursor-pointer hover:text-alvaro-white hover:bg-alvaro-surface transition-colors duration-200"
            tabindex="0"
            type="button"
          >
            Skills
          </button>
          <button
            aria-label="Experience-desktop"
            class="px-3 py-2 text-sm font-medium text-alvaro-muted rounded-lg cursor-pointer hover:text-alvaro-white hover:bg-alvaro-surface transition-colors duration-200"
            tabindex="0"
            type="button"
          >
            Experience
          </button>
          <button
            aria-label="Portfolio-desktop"
            class="px-3 py-2 text-sm font-medium text-alvaro-muted rounded-lg cursor-pointer hover:text-alvaro-white hover:bg-alvaro-surface transition-colors duration-200"
            tabindex="0"
            type="button"
          >
            Portfolio
          </button>
          <button
            aria-label="Contact-desktop"
            class="px-3 py-2 text-sm font-medium text-alvaro-muted rounded-lg cursor-pointer hover:text-alvaro-white hover:bg-alvaro-surface transition-colors duration-200"
            tabindex="0"
            type="button"
          >
            Contact
          </button>
        </div>
        <div
          class="flex md:hidden"
        >
          <button
            aria-controls="mobile-menu"
            aria-expanded="false"
            aria-label="menu-mobile"
            class="p-2 rounded-lg text-alvaro-white hover:bg-alvaro-surface transition-colors duration-200"
            type="button"
          >
            <svg
              fill="currentColor"
              height="24"
              viewBox="0 0 256 256"
              width="24"
              xmlns="http://www.w3.org/2000/svg"
            >
              <path
                d="M228,128a12,12,0,0,1-12,12H40a12,12,0,0,1,0-24H216A12,12,0,0,1,228,128ZM40,76H216a12,12,0,0,0,0-24H40a12,12,0,0,0,0,24ZM216,180H40a12,12,0,0,0,0,24H216a12,12,0,0,0,0-24Z"
              />
            </svg>
          </button>
        </div>
      </div>
    </div>
  </nav>
</div>
`;
