// Vitest Snapshot v1, https://vitest.dev/guide/snapshot.html

exports[`<Biography /> > should match the snapshot 1`] = `
<div>
  <section
    class="md:min-h-[100dvh] grid items-center pt-24 md:pt-0"
    id="biography"
  >
    <section
      class="p-6 md:p-8"
      style="opacity: 0; transform: translateY(20px);"
    >
      <div
        class="grid grid-cols-1 md:gap-12 md:grid-cols-[1fr_2fr]"
      >
        <div
          class="mb-5"
        >
          <a
            aria-label="LinkedIn profile"
            href="https://linkedin.com/in/alvarogarciamacias"
            rel="noopener noreferrer"
            target="_blank"
          >
            <img
              alt="Alvaro Garcia Macias"
              class="rounded-2xl border-2 border-alvaro-border hover:border-alvaro-primary cursor-pointer transition-colors duration-300"
              height="250"
              src="/images/profile/profile.png"
              width="250"
            />
          </a>
        </div>
        <div
          class="max-w-[65ch] md:h-[300px] items-center grid whitespace-pre-wrap"
        >
          <div>
            <h1
              class="mb-5 text-4xl md:text-5xl tracking-tighter leading-none font-semibold"
            >
              Hello
               
              <span
                class="text-alvaro-primary"
              >
                World
              </span>
            </h1>
            <p
              class="text-alvaro-muted leading-relaxed"
            >
              My name is
               
              <span
                class="text-lg text-alvaro-white font-medium"
              >
                Alvaro
              </span>
              , and I am a Full Stack Developer.
            </p>
            <div
              class="mt-4 text-alvaro-muted leading-relaxed"
            >
              I feel very fortunate to have found what I am passionate about and to make it my job.
            </div>
          </div>
        </div>
      </div>
      <div
        class="grid w-full grid-cols-2 mt-16 md:grid-cols-3 place-items-center gap-4"
      >
        <button
          class="p-2 border border-alvaro-border text-alvaro-muted rounded-lg hover:border-alvaro-primary hover:text-alvaro-primary transition-colors duration-200"
          type="button"
        >
          Shortest
        </button>
        <div
          class="w-full px-4"
        >
          <label
            class="sr-only"
            for="bio-slider"
          >
            Biography length
          </label>
          <input
            class="w-full h-1 bg-alvaro-border rounded-lg appearance-none cursor-pointer accent-alvaro-primary"
            id="bio-slider"
            max="2"
            min="0"
            type="range"
            value="1"
          />
        </div>
        <button
          class="p-2 border border-alvaro-border text-alvaro-muted rounded-lg hover:border-alvaro-primary hover:text-alvaro-primary transition-colors duration-200"
          type="button"
        >
          Longest
        </button>
      </div>
    </section>
  </section>
</div>
`;
