// Vitest Snapshot v1, https://vitest.dev/guide/snapshot.html

exports[`<Experience /> > should match the snapshot 1`] = `
<div>
  <section
    id="experience"
  >
    <div
      class="h-24"
    />
    <div
      class="mb-8 overflow-hidden"
    >
      <h1
        class="text-3xl md:text-4xl tracking-tight leading-none font-semibold text-alvaro-dark bg-alvaro-primary px-4 py-2 rounded-lg transition-all duration-700 ease-out origin-left opacity-0 scale-x-0"
      >
        Experience
      </h1>
    </div>
    <div
      class="space-y-24"
    >
      <div
        class="grid md:grid-cols-[1fr_2fr] gap-8 md:gap-12 transition-all duration-700 ease-out opacity-0 translate-y-8"
        style="transition-delay: 0ms;"
      >
        <div
          class="grid gap-3 cursor-pointer md:p-5 h-60 place-items-center rounded-2xl border-2 border-dashed border-alvaro-border hover:border-alvaro-primary transition-colors duration-300 group"
        >
          <a
            aria-label="Openbank"
            href="https://openbank.es/"
            rel="noopener noreferrer"
            target="_blank"
          >
            <img
              alt="Openbank"
              class="w-56 h-36 object-contain transition-transform duration-500 group-hover:scale-105"
              src="/experience/openbank.svg"
            />
          </a>
          <p
            class="text-sm font-mono text-alvaro-muted tabular-nums"
          >
            June 2023
             — 
            now
          </p>
        </div>
        <div
          class="mt-12 md:mt-0"
        >
          <h2
            class="mb-6 text-4xl md:text-5xl tracking-tighter leading-none font-semibold text-alvaro-white"
          >
            Openbank
          </h2>
          <div
            class="space-y-6 text-alvaro-muted leading-relaxed max-w-[65ch]"
          >
            <div>
              <h3
                class="text-lg font-medium text-alvaro-white mb-2"
              >
                Consulting Firm
              </h3>
              <p>
                Knowmad Mood & Plexus
              </p>
            </div>
            <div>
              <h3
                class="text-lg font-medium text-alvaro-white mb-2"
              >
                Projects
              </h3>
              <p>
                - Onboarding
- Customer
              </p>
            </div>
          </div>
        </div>
      </div>
      <div
        class="grid md:grid-cols-[1fr_2fr] gap-8 md:gap-12 transition-all duration-700 ease-out opacity-0 translate-y-8"
        style="transition-delay: 100ms;"
      >
        <div
          class="grid gap-3 cursor-pointer md:p-5 h-60 place-items-center rounded-2xl border-2 border-dashed border-alvaro-border hover:border-alvaro-primary transition-colors duration-300 group"
        >
          <a
            aria-label="RSI"
            href="https://grupocajarural.es/"
            rel="noopener noreferrer"
            target="_blank"
          >
            <img
              alt="RSI"
              class="w-56 h-36 object-contain transition-transform duration-500 group-hover:scale-105"
              src="/experience/rsi.svg"
            />
          </a>
          <p
            class="text-sm font-mono text-alvaro-muted tabular-nums"
          >
            October 2021
             — 
            April 2023
          </p>
        </div>
        <div
          class="mt-12 md:mt-0"
        >
          <h2
            class="mb-6 text-4xl md:text-5xl tracking-tighter leading-none font-semibold text-alvaro-white"
          >
            RSI
          </h2>
          <div
            class="space-y-6 text-alvaro-muted leading-relaxed max-w-[65ch]"
          >
            <div>
              <h3
                class="text-lg font-medium text-alvaro-white mb-2"
              >
                Consulting Firm
              </h3>
              <p>
                Devoteam
              </p>
            </div>
            <div>
              <h3
                class="text-lg font-medium text-alvaro-white mb-2"
              >
                Projects
              </h3>
              <p>
                - Onboarding
- Customer
              </p>
            </div>
            <div>
              <h3
                class="text-lg font-medium text-alvaro-white mb-2"
              >
                Tasks
              </h3>
              <p>
                - Web application development using Vue.js and React.js
- REST API integration in front-end applications
- Unit and integration test development
- Code documentation
- Translations using i18n
- Modification and elaboration of login pages
- Internal SSO access elaboration
- Modification of CSS styles
              </p>
            </div>
            <div>
              <h3
                class="text-lg font-medium text-alvaro-white mb-2"
              >
                Skills
              </h3>
              <p>
                vue.js
react.js
typescript
javascript
jest.js
node.js
html
css
jsp
oracle db
inkscape
jira
git
dbeaver
postman
invision
overflow
              </p>
            </div>
          </div>
        </div>
      </div>
    </div>
  </section>
</div>
`;
