// Vitest Snapshot v1, https://vitest.dev/guide/snapshot.html

exports[`<Experience /> > should match the snapshot 1`] = `
<div>
  <section
    class="section-curve"
    id="experience"
  >
    <div
      class="h-32 md:h-48"
    />
    <div
      class="mb-10 overflow-hidden"
    >
      <h1
        class="text-4xl md:text-5xl tracking-tight leading-none font-bold text-alvaro-white transition-all duration-700 ease-out origin-left opacity-0 scale-x-0"
      >
        Experience
      </h1>
      <div
        class="mt-3 h-[2px] bg-alvaro-primary transition-all duration-700 delay-200 ease-out origin-left w-0 opacity-0"
      />
    </div>
    <div
      class="space-y-3"
    >
      <div
        class="border rounded-2xl overflow-hidden transition-colors duration-300 border-alvaro-primary/30 bg-alvaro-surface"
      >
        <button
          aria-controls="accordion-content-2"
          aria-expanded="true"
          class="w-full flex items-center justify-between p-6 text-left cursor-pointer"
          type="button"
        >
          <div>
            <span
              class="text-xl font-semibold text-alvaro-white"
            >
              Openbank
            </span>
            <p
              class="text-sm text-alvaro-muted mt-1 font-mono tabular-nums"
            >
              June 2023 — now
            </p>
          </div>
          <svg
            class="text-alvaro-muted transition-transform duration-300 flex-shrink-0 ml-4 rotate-180"
            fill="currentColor"
            height="20"
            viewBox="0 0 256 256"
            width="20"
            xmlns="http://www.w3.org/2000/svg"
          >
            <path
              d="M216.49,104.49l-80,80a12,12,0,0,1-17,0l-80-80a12,12,0,0,1,17-17L128,159l71.51-71.52a12,12,0,0,1,17,17Z"
            />
          </svg>
        </button>
        <div
          class="overflow-hidden transition-all duration-500 ease-[cubic-bezier(0.16,1,0.3,1)] max-h-[1000px] opacity-100"
          id="accordion-content-2"
        >
          <div
            class="px-6 pb-6"
          >
            <div
              class="grid md:grid-cols-[1fr_2fr] gap-8 pt-2"
            >
              <div
                class="flex items-start"
              >
                <a
                  aria-label="Openbank"
                  class="block"
                  href="https://openbank.es/"
                  rel="noopener noreferrer"
                  target="_blank"
                >
                  <img
                    alt="Openbank"
                    class="w-48 h-32 object-contain rounded-xl transition-transform duration-500 hover:scale-105"
                    src="/experience/openbank.svg"
                  />
                </a>
              </div>
              <div
                class="space-y-4 text-alvaro-muted leading-relaxed"
              >
                <div>
                  <h4
                    class="text-base font-medium text-alvaro-white mb-1"
                  >
                    Consulting Firm
                  </h4>
                  <p
                    class="text-sm"
                  >
                    Knowmad Mood & Plexus
                  </p>
                </div>
                <div>
                  <h4
                    class="text-base font-medium text-alvaro-white mb-1"
                  >
                    Projects
                  </h4>
                  <p
                    class="text-sm"
                  >
                    - Onboarding
- Customer
                  </p>
                </div>
              </div>
            </div>
          </div>
        </div>
      </div>
      <div
        class="border rounded-2xl overflow-hidden transition-colors duration-300 border-alvaro-border hover:border-alvaro-muted"
      >
        <button
          aria-controls="accordion-content-1"
          aria-expanded="false"
          class="w-full flex items-center justify-between p-6 text-left cursor-pointer"
          type="button"
        >
          <div>
            <span
              class="text-xl font-semibold text-alvaro-white"
            >
              RSI
            </span>
            <p
              class="text-sm text-alvaro-muted mt-1 font-mono tabular-nums"
            >
              October 2021 — April 2023
            </p>
          </div>
          <svg
            class="text-alvaro-muted transition-transform duration-300 flex-shrink-0 ml-4 "
            fill="currentColor"
            height="20"
            viewBox="0 0 256 256"
            width="20"
            xmlns="http://www.w3.org/2000/svg"
          >
            <path
              d="M216.49,104.49l-80,80a12,12,0,0,1-17,0l-80-80a12,12,0,0,1,17-17L128,159l71.51-71.52a12,12,0,0,1,17,17Z"
            />
          </svg>
        </button>
        <div
          class="overflow-hidden transition-all duration-500 ease-[cubic-bezier(0.16,1,0.3,1)] max-h-0 opacity-0"
          id="accordion-content-1"
        >
          <div
            class="px-6 pb-6"
          >
            <div
              class="grid md:grid-cols-[1fr_2fr] gap-8 pt-2"
            >
              <div
                class="flex items-start"
              >
                <a
                  aria-label="RSI"
                  class="block"
                  href="https://grupocajarural.es/"
                  rel="noopener noreferrer"
                  target="_blank"
                >
                  <img
                    alt="RSI"
                    class="w-48 h-32 object-contain rounded-xl transition-transform duration-500 hover:scale-105"
                    src="/experience/rsi.svg"
                  />
                </a>
              </div>
              <div
                class="space-y-4 text-alvaro-muted leading-relaxed"
              >
                <div>
                  <h4
                    class="text-base font-medium text-alvaro-white mb-1"
                  >
                    Consulting Firm
                  </h4>
                  <p
                    class="text-sm"
                  >
                    Devoteam
                  </p>
                </div>
                <div>
                  <h4
                    class="text-base font-medium text-alvaro-white mb-1"
                  >
                    Projects
                  </h4>
                  <p
                    class="text-sm"
                  >
                    - Onboarding
- Customer
                  </p>
                </div>
                <div>
                  <h4
                    class="text-base font-medium text-alvaro-white mb-1"
                  >
                    Tasks
                  </h4>
                  <p
                    class="text-sm"
                  >
                    - Web application development using Vue.js and React.js
- REST API integration in front-end applications
- Unit and integration test development
- Code documentation
- Translations using i18n
- Modification and elaboration of login pages
- Internal SSO access elaboration
- Modification of CSS styles
                  </p>
                </div>
                <div>
                  <h4
                    class="text-base font-medium text-alvaro-white mb-1"
                  >
                    Skills
                  </h4>
                  <p
                    class="text-sm"
                  >
                    vue.js
react.js
typescript
javascript
jest.js
node.js
html
css
jsp
oracle db
inkscape
jira
git
dbeaver
postman
invision
overflow
                  </p>
                </div>
              </div>
            </div>
          </div>
        </div>
      </div>
    </div>
  </section>
</div>
`;
