// Vitest Snapshot v1, https://vitest.dev/guide/snapshot.html

exports[`<Skills /> > matches snapshot 1`] = `
<div>
  <section
    class="section-curve"
    id="skills"
  >
    <div
      class="h-32 md:h-48"
    />
    <div
      class="mb-10 overflow-hidden"
    >
      <h1
        class="text-4xl md:text-5xl tracking-tight leading-none font-bold text-alvaro-white transition-all duration-700 ease-out origin-left opacity-0 scale-x-0"
      >
        Skills
      </h1>
      <div
        class="mt-3 h-[2px] bg-alvaro-primary transition-all duration-700 delay-200 ease-out origin-left w-0 opacity-0"
      />
    </div>
    <div
      class="grid grid-cols-2 md:grid-cols-4 grid-flow-dense gap-4 md:gap-6"
    >
      <a
        aria-label="Skill: react.js"
        class="
								spotlight-card grid gap-3 p-6 text-center cursor-pointer place-items-center group transition-all duration-500
								md:col-span-2 md:row-span-2 md:p-10
								opacity-0 translate-y-8
							"
        href="https://react.dev/"
        rel="noopener noreferrer"
        style="transition-delay: 0ms;"
        target="_blank"
      >
        <img
          alt="react.js"
          class="object-contain transition-transform duration-500 group-hover:scale-110 w-32 h-32 md:w-48 md:h-48"
          src="/skills/react.svg"
        />
        <h2
          class="font-medium text-alvaro-muted group-hover:text-alvaro-white transition-colors duration-200 text-base md:text-lg"
        >
          react.js
        </h2>
      </a>
      <a
        aria-label="Skill: vue.js"
        class="
								spotlight-card grid gap-3 p-6 text-center cursor-pointer place-items-center group transition-all duration-500
								
								opacity-0 translate-y-8
							"
        href="https://vuejs.org/"
        rel="noopener noreferrer"
        style="transition-delay: 60ms;"
        target="_blank"
      >
        <img
          alt="vue.js"
          class="object-contain transition-transform duration-500 group-hover:scale-110 w-24 h-24 md:w-32 md:h-32"
          src="/skills/vue.svg"
        />
        <h2
          class="font-medium text-alvaro-muted group-hover:text-alvaro-white transition-colors duration-200 text-sm"
        >
          vue.js
        </h2>
      </a>
      <a
        aria-label="Skill: typescript"
        class="
								spotlight-card grid gap-3 p-6 text-center cursor-pointer place-items-center group transition-all duration-500
								md:col-span-2 md:row-span-2 md:p-10
								opacity-0 translate-y-8
							"
        href="https://typescriptlang.org/"
        rel="noopener noreferrer"
        style="transition-delay: 120ms;"
        target="_blank"
      >
        <img
          alt="typescript"
          class="object-contain transition-transform duration-500 group-hover:scale-110 w-32 h-32 md:w-48 md:h-48"
          src="/skills/typescript.svg"
        />
        <h2
          class="font-medium text-alvaro-muted group-hover:text-alvaro-white transition-colors duration-200 text-base md:text-lg"
        >
          typescript
        </h2>
      </a>
      <a
        aria-label="Skill: javascript"
        class="
								spotlight-card grid gap-3 p-6 text-center cursor-pointer place-items-center group transition-all duration-500
								
								opacity-0 translate-y-8
							"
        href="https://javascript.com/"
        rel="noopener noreferrer"
        style="transition-delay: 180ms;"
        target="_blank"
      >
        <img
          alt="javascript"
          class="object-contain transition-transform duration-500 group-hover:scale-110 w-24 h-24 md:w-32 md:h-32"
          src="/skills/javascript.svg"
        />
        <h2
          class="font-medium text-alvaro-muted group-hover:text-alvaro-white transition-colors duration-200 text-sm"
        >
          javascript
        </h2>
      </a>
      <a
        aria-label="Skill: tailwind"
        class="
								spotlight-card grid gap-3 p-6 text-center cursor-pointer place-items-center group transition-all duration-500
								
								opacity-0 translate-y-8
							"
        href="https://tailwindcss.com/"
        rel="noopener noreferrer"
        style="transition-delay: 240ms;"
        target="_blank"
      >
        <img
          alt="tailwind"
          class="object-contain transition-transform duration-500 group-hover:scale-110 w-24 h-24 md:w-32 md:h-32"
          src="/skills/tailwind.svg"
        />
        <h2
          class="font-medium text-alvaro-muted group-hover:text-alvaro-white transition-colors duration-200 text-sm"
        >
          tailwind
        </h2>
      </a>
      <a
        aria-label="Skill: next.js"
        class="
								spotlight-card grid gap-3 p-6 text-center cursor-pointer place-items-center group transition-all duration-500
								
								opacity-0 translate-y-8
							"
        href="https://nextjs.org/"
        rel="noopener noreferrer"
        style="transition-delay: 300ms;"
        target="_blank"
      >
        <img
          alt="next.js"
          class="object-contain transition-transform duration-500 group-hover:scale-110 w-24 h-24 md:w-32 md:h-32"
          src="/skills/next.svg"
        />
        <h2
          class="font-medium text-alvaro-muted group-hover:text-alvaro-white transition-colors duration-200 text-sm"
        >
          next.js
        </h2>
      </a>
      <a
        aria-label="Skill: astro"
        class="
								spotlight-card grid gap-3 p-6 text-center cursor-pointer place-items-center group transition-all duration-500
								md:col-span-2 md:row-span-2 md:p-10
								opacity-0 translate-y-8
							"
        href="https://astro.build/"
        rel="noopener noreferrer"
        style="transition-delay: 360ms;"
        target="_blank"
      >
        <img
          alt="astro"
          class="object-contain transition-transform duration-500 group-hover:scale-110 w-32 h-32 md:w-48 md:h-48"
          src="/skills/astro.svg"
        />
        <h2
          class="font-medium text-alvaro-muted group-hover:text-alvaro-white transition-colors duration-200 text-base md:text-lg"
        >
          astro
        </h2>
      </a>
      <a
        aria-label="Skill: rust"
        class="
								spotlight-card grid gap-3 p-6 text-center cursor-pointer place-items-center group transition-all duration-500
								md:col-span-2 md:row-span-2 md:p-10
								opacity-0 translate-y-8
							"
        href="https://rust-lang.org/"
        rel="noopener noreferrer"
        style="transition-delay: 420ms;"
        target="_blank"
      >
        <img
          alt="rust"
          class="object-contain transition-transform duration-500 group-hover:scale-110 w-32 h-32 md:w-48 md:h-48"
          src="/skills/ferris.svg"
        />
        <h2
          class="font-medium text-alvaro-muted group-hover:text-alvaro-white transition-colors duration-200 text-base md:text-lg"
        >
          rust
        </h2>
      </a>
      <a
        aria-label="Skill: go"
        class="
								spotlight-card grid gap-3 p-6 text-center cursor-pointer place-items-center group transition-all duration-500
								
								opacity-0 translate-y-8
							"
        href="https://go.dev/"
        rel="noopener noreferrer"
        style="transition-delay: 480ms;"
        target="_blank"
      >
        <img
          alt="go"
          class="object-contain transition-transform duration-500 group-hover:scale-110 w-24 h-24 md:w-32 md:h-32"
          src="/skills/go.svg"
        />
        <h2
          class="font-medium text-alvaro-muted group-hover:text-alvaro-white transition-colors duration-200 text-sm"
        >
          go
        </h2>
      </a>
      <a
        aria-label="Skill: zig"
        class="
								spotlight-card grid gap-3 p-6 text-center cursor-pointer place-items-center group transition-all duration-500
								
								opacity-0 translate-y-8
							"
        href="https://ziglang.org/"
        rel="noopener noreferrer"
        style="transition-delay: 540ms;"
        target="_blank"
      >
        <img
          alt="zig"
          class="object-contain transition-transform duration-500 group-hover:scale-110 w-24 h-24 md:w-32 md:h-32"
          src="/skills/zig.svg"
        />
        <h2
          class="font-medium text-alvaro-muted group-hover:text-alvaro-white transition-colors duration-200 text-sm"
        >
          zig
        </h2>
      </a>
      <a
        aria-label="Skill: odin"
        class="
								spotlight-card grid gap-3 p-6 text-center cursor-pointer place-items-center group transition-all duration-500
								
								opacity-0 translate-y-8
							"
        href="https://odin-lang.org/"
        rel="noopener noreferrer"
        style="transition-delay: 600ms;"
        target="_blank"
      >
        <img
          alt="odin"
          class="object-contain transition-transform duration-500 group-hover:scale-110 w-24 h-24 md:w-32 md:h-32"
          src="/skills/odin.svg"
        />
        <h2
          class="font-medium text-alvaro-muted group-hover:text-alvaro-white transition-colors duration-200 text-sm"
        >
          odin
        </h2>
      </a>
      <a
        aria-label="Skill: node.js"
        class="
								spotlight-card grid gap-3 p-6 text-center cursor-pointer place-items-center group transition-all duration-500
								
								opacity-0 translate-y-8
							"
        href="https://nodejs.org/"
        rel="noopener noreferrer"
        style="transition-delay: 660ms;"
        target="_blank"
      >
        <img
          alt="node.js"
          class="object-contain transition-transform duration-500 group-hover:scale-110 w-24 h-24 md:w-32 md:h-32"
          src="/skills/node.svg"
        />
        <h2
          class="font-medium text-alvaro-muted group-hover:text-alvaro-white transition-colors duration-200 text-sm"
        >
          node.js
        </h2>
      </a>
    </div>
    <div
      class="flex justify-center mt-8"
    >
      <button
        class="px-6 py-2.5 text-sm font-medium text-alvaro-muted border border-alvaro-border rounded-lg hover:text-alvaro-primary hover:border-alvaro-primary/40 transition-colors duration-200 cursor-pointer"
        type="button"
      >
        Show more (5)
      </button>
    </div>
  </section>
</div>
`;
