// Vitest Snapshot v1, https://vitest.dev/guide/snapshot.html

exports[`<Skills /> > should match the snapshot 1`] = `
<div>
  <section
    id="skills"
  >
    <div
      class="h-24"
    />
    <div
      class="mb-8 overflow-hidden"
    >
      <h1
        class="text-3xl md:text-4xl tracking-tight leading-none font-semibold text-alvaro-dark bg-alvaro-primary px-4 py-2 rounded-lg transition-all duration-700 ease-out origin-left opacity-0 scale-x-0"
      >
        Skills
      </h1>
    </div>
    <div
      class="grid grid-cols-2 md:grid-cols-4 gap-4 md:gap-6"
    >
      <a
        aria-label="Skill: react.js"
        class="grid gap-3 p-6 text-center cursor-pointer place-items-center rounded-2xl bg-alvaro-surface border border-alvaro-border spring-hover group transition-all duration-500 opacity-0 translate-y-6"
        href="https://react.dev/"
        rel="noopener noreferrer"
        style="transition-delay: 0ms;"
        target="_blank"
      >
        <img
          alt="react.js"
          class="w-24 h-24 md:w-32 md:h-32 object-contain transition-transform duration-500 group-hover:scale-110"
          src="/skills/react.svg"
        />
        <h2
          class="text-sm font-medium text-alvaro-muted group-hover:text-alvaro-white transition-colors duration-200"
        >
          react.js
        </h2>
      </a>
      <a
        aria-label="Skill: vue.js"
        class="grid gap-3 p-6 text-center cursor-pointer place-items-center rounded-2xl bg-alvaro-surface border border-alvaro-border spring-hover group transition-all duration-500 opacity-0 translate-y-6"
        href="https://vuejs.org/"
        rel="noopener noreferrer"
        style="transition-delay: 70ms;"
        target="_blank"
      >
        <img
          alt="vue.js"
          class="w-24 h-24 md:w-32 md:h-32 object-contain transition-transform duration-500 group-hover:scale-110"
          src="/skills/vue.svg"
        />
        <h2
          class="text-sm font-medium text-alvaro-muted group-hover:text-alvaro-white transition-colors duration-200"
        >
          vue.js
        </h2>
      </a>
      <a
        aria-label="Skill: typescript"
        class="grid gap-3 p-6 text-center cursor-pointer place-items-center rounded-2xl bg-alvaro-surface border border-alvaro-border spring-hover group transition-all duration-500 opacity-0 translate-y-6"
        href="https://typescriptlang.org/"
        rel="noopener noreferrer"
        style="transition-delay: 140ms;"
        target="_blank"
      >
        <img
          alt="typescript"
          class="w-24 h-24 md:w-32 md:h-32 object-contain transition-transform duration-500 group-hover:scale-110"
          src="/skills/typescript.svg"
        />
        <h2
          class="text-sm font-medium text-alvaro-muted group-hover:text-alvaro-white transition-colors duration-200"
        >
          typescript
        </h2>
      </a>
      <a
        aria-label="Skill: javascript"
        class="grid gap-3 p-6 text-center cursor-pointer place-items-center rounded-2xl bg-alvaro-surface border border-alvaro-border spring-hover group transition-all duration-500 opacity-0 translate-y-6"
        href="https://javascript.com/"
        rel="noopener noreferrer"
        style="transition-delay: 210ms;"
        target="_blank"
      >
        <img
          alt="javascript"
          class="w-24 h-24 md:w-32 md:h-32 object-contain transition-transform duration-500 group-hover:scale-110"
          src="/skills/javascript.svg"
        />
        <h2
          class="text-sm font-medium text-alvaro-muted group-hover:text-alvaro-white transition-colors duration-200"
        >
          javascript
        </h2>
      </a>
      <a
        aria-label="Skill: tailwind"
        class="grid gap-3 p-6 text-center cursor-pointer place-items-center rounded-2xl bg-alvaro-surface border border-alvaro-border spring-hover group transition-all duration-500 opacity-0 translate-y-6"
        href="https://tailwindcss.com/"
        rel="noopener noreferrer"
        style="transition-delay: 280ms;"
        target="_blank"
      >
        <img
          alt="tailwind"
          class="w-24 h-24 md:w-32 md:h-32 object-contain transition-transform duration-500 group-hover:scale-110"
          src="/skills/tailwind.svg"
        />
        <h2
          class="text-sm font-medium text-alvaro-muted group-hover:text-alvaro-white transition-colors duration-200"
        >
          tailwind
        </h2>
      </a>
      <a
        aria-label="Skill: next.js"
        class="grid gap-3 p-6 text-center cursor-pointer place-items-center rounded-2xl bg-alvaro-surface border border-alvaro-border spring-hover group transition-all duration-500 opacity-0 translate-y-6"
        href="https://nextjs.org/"
        rel="noopener noreferrer"
        style="transition-delay: 350ms;"
        target="_blank"
      >
        <img
          alt="next.js"
          class="w-24 h-24 md:w-32 md:h-32 object-contain transition-transform duration-500 group-hover:scale-110"
          src="/skills/next.svg"
        />
        <h2
          class="text-sm font-medium text-alvaro-muted group-hover:text-alvaro-white transition-colors duration-200"
        >
          next.js
        </h2>
      </a>
      <a
        aria-label="Skill: rust"
        class="grid gap-3 p-6 text-center cursor-pointer place-items-center rounded-2xl bg-alvaro-surface border border-alvaro-border spring-hover group transition-all duration-500 opacity-0 translate-y-6"
        href="https://rust-lang.org/"
        rel="noopener noreferrer"
        style="transition-delay: 420ms;"
        target="_blank"
      >
        <img
          alt="rust"
          class="w-24 h-24 md:w-32 md:h-32 object-contain transition-transform duration-500 group-hover:scale-110"
          src="/skills/ferris.svg"
        />
        <h2
          class="text-sm font-medium text-alvaro-muted group-hover:text-alvaro-white transition-colors duration-200"
        >
          rust
        </h2>
      </a>
      <a
        aria-label="Skill: go"
        class="grid gap-3 p-6 text-center cursor-pointer place-items-center rounded-2xl bg-alvaro-surface border border-alvaro-border spring-hover group transition-all duration-500 opacity-0 translate-y-6"
        href="https://go.dev/"
        rel="noopener noreferrer"
        style="transition-delay: 490ms;"
        target="_blank"
      >
        <img
          alt="go"
          class="w-24 h-24 md:w-32 md:h-32 object-contain transition-transform duration-500 group-hover:scale-110"
          src="/skills/go.svg"
        />
        <h2
          class="text-sm font-medium text-alvaro-muted group-hover:text-alvaro-white transition-colors duration-200"
        >
          go
        </h2>
      </a>
      <a
        aria-label="Skill: jest"
        class="grid gap-3 p-6 text-center cursor-pointer place-items-center rounded-2xl bg-alvaro-surface border border-alvaro-border spring-hover group transition-all duration-500 opacity-0 translate-y-6"
        href="https://jestjs.io/"
        rel="noopener noreferrer"
        style="transition-delay: 560ms;"
        target="_blank"
      >
        <img
          alt="jest"
          class="w-24 h-24 md:w-32 md:h-32 object-contain transition-transform duration-500 group-hover:scale-110"
          src="/skills/jest.svg"
        />
        <h2
          class="text-sm font-medium text-alvaro-muted group-hover:text-alvaro-white transition-colors duration-200"
        >
          jest
        </h2>
      </a>
      <a
        aria-label="Skill: node.js"
        class="grid gap-3 p-6 text-center cursor-pointer place-items-center rounded-2xl bg-alvaro-surface border border-alvaro-border spring-hover group transition-all duration-500 opacity-0 translate-y-6"
        href="https://nodejs.org/"
        rel="noopener noreferrer"
        style="transition-delay: 630ms;"
        target="_blank"
      >
        <img
          alt="node.js"
          class="w-24 h-24 md:w-32 md:h-32 object-contain transition-transform duration-500 group-hover:scale-110"
          src="/skills/node.svg"
        />
        <h2
          class="text-sm font-medium text-alvaro-muted group-hover:text-alvaro-white transition-colors duration-200"
        >
          node.js
        </h2>
      </a>
      <a
        aria-label="Skill: docker"
        class="grid gap-3 p-6 text-center cursor-pointer place-items-center rounded-2xl bg-alvaro-surface border border-alvaro-border spring-hover group transition-all duration-500 opacity-0 translate-y-6"
        href="https://docker.com/"
        rel="noopener noreferrer"
        style="transition-delay: 700ms;"
        target="_blank"
      >
        <img
          alt="docker"
          class="w-24 h-24 md:w-32 md:h-32 object-contain transition-transform duration-500 group-hover:scale-110"
          src="/skills/docker.svg"
        />
        <h2
          class="text-sm font-medium text-alvaro-muted group-hover:text-alvaro-white transition-colors duration-200"
        >
          docker
        </h2>
      </a>
      <a
        aria-label="Skill: sql"
        class="grid gap-3 p-6 text-center cursor-pointer place-items-center rounded-2xl bg-alvaro-surface border border-alvaro-border spring-hover group transition-all duration-500 opacity-0 translate-y-6"
        href="https://mysql.com/"
        rel="noopener noreferrer"
        style="transition-delay: 770ms;"
        target="_blank"
      >
        <img
          alt="sql"
          class="w-24 h-24 md:w-32 md:h-32 object-contain transition-transform duration-500 group-hover:scale-110"
          src="/skills/sql.svg"
        />
        <h2
          class="text-sm font-medium text-alvaro-muted group-hover:text-alvaro-white transition-colors duration-200"
        >
          sql
        </h2>
      </a>
    </div>
  </section>
</div>
`;
