// Vitest Snapshot v1, https://vitest.dev/guide/snapshot.html

exports[`<Stats /> > should match the snapshot 1`] = `
<div>
  <section
    class="py-32 md:py-48"
  >
    <div
      class="grid grid-cols-2 md:grid-cols-4 gap-8 md:gap-12"
    >
      <div
        class="text-center"
      >
        <div
          class="text-5xl md:text-7xl font-bold tracking-tighter text-alvaro-white"
        >
          <span
            class="tabular-nums"
          >
            0
            +
          </span>
        </div>
        <div
          class="mt-3 mx-auto w-16 h-1 bg-alvaro-border rounded-full overflow-hidden"
        >
          <div
            class="h-full rounded-full transition-all duration-1000 delay-500 bg-alvaro-muted/50"
            style="width: 60%;"
          />
        </div>
        <p
          class="mt-2 text-sm text-alvaro-muted"
        >
          Years experience
        </p>
      </div>
      <div
        class="text-center"
      >
        <div
          class="text-5xl md:text-7xl font-bold tracking-tighter text-alvaro-white"
        >
          <span
            class="tabular-nums"
          >
            0
            +
          </span>
        </div>
        <div
          class="mt-3 mx-auto w-16 h-1 bg-alvaro-border rounded-full overflow-hidden"
        >
          <div
            class="h-full rounded-full transition-all duration-1000 delay-500 bg-alvaro-muted/50"
            style="width: 80%;"
          />
        </div>
        <p
          class="mt-2 text-sm text-alvaro-muted"
        >
          Projects delivered
        </p>
      </div>
      <div
        class="text-center"
      >
        <div
          class="text-5xl md:text-7xl font-bold tracking-tighter text-alvaro-white"
        >
          <span
            class="tabular-nums"
          >
            0
          </span>
        </div>
        <div
          class="mt-3 mx-auto w-16 h-1 bg-alvaro-border rounded-full overflow-hidden"
        >
          <div
            class="h-full rounded-full transition-all duration-1000 delay-500 bg-alvaro-muted/50"
            style="width: 50%;"
          />
        </div>
        <p
          class="mt-2 text-sm text-alvaro-muted"
        >
          Technologies
        </p>
      </div>
      <div
        class="text-center"
      >
        <div
          class="text-5xl md:text-7xl font-bold tracking-tighter text-alvaro-primary"
        >
          <span
            class="tabular-nums"
          >
            0
            %
          </span>
        </div>
        <div
          class="mt-3 mx-auto w-16 h-1 bg-alvaro-border rounded-full overflow-hidden"
        >
          <div
            class="h-full rounded-full transition-all duration-1000 delay-500 bg-alvaro-primary"
            style="width: 100%;"
          />
        </div>
        <p
          class="mt-2 text-sm text-alvaro-muted"
        >
          Commitment
        </p>
      </div>
    </div>
  </section>
</div>
`;
