// Vitest Snapshot v1, https://vitest.dev/guide/snapshot.html

exports[`<Testimonials /> > matches snapshot 1`] = `
<div>
  <section
    class="py-32 md:py-48 px-4 md:px-0"
    id="testimonials"
  >
    <div
      class="mb-12 text-center"
    >
      <h2
        class="text-3xl md:text-4xl tracking-tight font-bold text-alvaro-white"
      >
        What people say
      </h2>
      <div
        class="mt-3 mx-auto w-16 h-[2px] bg-alvaro-primary"
      />
    </div>
    <div
      class="grid md:grid-cols-3 gap-6"
    >
      <div
        class="spotlight-card p-8 transition-all duration-700 opacity-0 translate-y-8"
        style="transition-delay: 0ms;"
      >
        <blockquote
          class="text-alvaro-muted leading-relaxed mb-6"
        >
          “
          Alvaro brings exceptional technical depth to every project. His ability to translate complex requirements into clean, maintainable code is remarkable.
          ”
        </blockquote>
        <div
          class="flex items-center gap-3"
        >
          <img
            alt="María Fernández"
            class="w-10 h-10 rounded-full object-cover border border-alvaro-border"
            src="https://picsum.photos/seed/maria-fernandez/100/100"
          />
          <div>
            <p
              class="text-sm font-semibold text-alvaro-white"
            >
              María Fernández
            </p>
            <p
              class="text-xs text-alvaro-muted"
            >
              CTO at NovaByte
            </p>
          </div>
        </div>
      </div>
      <div
        class="spotlight-card p-8 transition-all duration-700 opacity-0 translate-y-8"
        style="transition-delay: 120ms;"
      >
        <blockquote
          class="text-alvaro-muted leading-relaxed mb-6"
        >
          “
          One of the most reliable developers I have worked with. Consistently delivers on time with outstanding quality.
          ”
        </blockquote>
        <div
          class="flex items-center gap-3"
        >
          <img
            alt="Carlos Ruíz"
            class="w-10 h-10 rounded-full object-cover border border-alvaro-border"
            src="https://picsum.photos/seed/carlos-ruiz/100/100"
          />
          <div>
            <p
              class="text-sm font-semibold text-alvaro-white"
            >
              Carlos Ruíz
            </p>
            <p
              class="text-xs text-alvaro-muted"
            >
              Lead Engineer at DataPulse
            </p>
          </div>
        </div>
      </div>
      <div
        class="spotlight-card p-8 transition-all duration-700 opacity-0 translate-y-8"
        style="transition-delay: 240ms;"
      >
        <blockquote
          class="text-alvaro-muted leading-relaxed mb-6"
        >
          “
          Clean code, great communication, always delivers. Alvaro is the kind of developer every team needs.
          ”
        </blockquote>
        <div
          class="flex items-center gap-3"
        >
          <img
            alt="Elena Torres"
            class="w-10 h-10 rounded-full object-cover border border-alvaro-border"
            src="https://picsum.photos/seed/elena-torres/100/100"
          />
          <div>
            <p
              class="text-sm font-semibold text-alvaro-white"
            >
              Elena Torres
            </p>
            <p
              class="text-xs text-alvaro-muted"
            >
              Product Manager at SynthWave
            </p>
          </div>
        </div>
      </div>
    </div>
  </section>
</div>
`;
